// Jest Snapshot v1, https://goo.gl/fbAQLP

exports[`renders correctly 1`] = `
<div
  className="app"
>
  <header
    className="header"
    role="banner"
  >
    <div
      className="header__wrapper"
    >
      <img
        alt="WayUp logo"
        className="header__logo"
        src="wayup-white.svg"
      />
      <h1
        className="header__text"
      >
        Minesweeper
      </h1>
    </div>
  </header>
  <main
    role="main"
  >
    <div
      className="container"
    >
      <div
        className="board"
      >
        <div
          className="board__header"
        >
          <div
            className="counter"
          >
            <span
              className="pill"
            >
              10
            </span>
             
            <span
              className="board__subheading"
            >
              Mines Remaining
            </span>
          </div>
          <div
            className="counter"
          >
            <span
              className="pill"
            >
              0
            </span>
             
            <span
              className="board__subheading"
            >
              Time Elapsed
            </span>
          </div>
        </div>
        <p
          className="align--center"
        >
          <button
            className="button"
            onClick={[Function]}
          >
            Restart
          </button>
        </p>
        <div
          className="board__grid"
          onContextMenu={[Function]}
        >
          <div
            className="row"
          >
            <div
              className="cell"
              onClick={[Function]}
              onContextMenu={[Function]}
            />
            <div
              className="cell"
              onClick={[Function]}
              onContextMenu={[Function]}
            />
            <div
              className="cell"
              onClick={[Function]}
              onContextMenu={[Function]}
            />
            <div
              className="cell"
              onClick={[Function]}
              onContextMenu={[Function]}
            />
            <div
              className="cell"
              onClick={[Function]}
              onContextMenu={[Function]}
            />
            <div
              className="cell"
              onClick={[Function]}
              onContextMenu={[Function]}
            />
            <div
              className="cell"
              onClick={[Function]}
              onContextMenu={[Function]}
            />
            <div
              className="cell"
              onClick={[Function]}
              onContextMenu={[Function]}
            />
            <div
              className="cell"
              onClick={[Function]}
              onContextMenu={[Function]}
            />
          </div>
          <div
            className="row"
          >
            <div
              className="cell"
              onClick={[Function]}
              onContextMenu={[Function]}
            />
            <div
              className="cell"
              onClick={[Function]}
              onContextMenu={[Function]}
            />
            <div
              className="cell"
              onClick={[Function]}
              onContextMenu={[Function]}
            />
            <div
              className="cell"
              onClick={[Function]}
              onContextMenu={[Function]}
            />
            <div
              className="cell"
              onClick={[Function]}
              onContextMenu={[Function]}
            />
            <div
              className="cell"
              onClick={[Function]}
              onContextMenu={[Function]}
            />
            <div
              className="cell"
              onClick={[Function]}
              onContextMenu={[Function]}
            />
            <div
              className="cell"
              onClick={[Function]}
              onContextMenu={[Function]}
            />
            <div
              className="cell"
              onClick={[Function]}
              onContextMenu={[Function]}
            />
          </div>
          <div
            className="row"
          >
            <div
              className="cell"
              onClick={[Function]}
              onContextMenu={[Function]}
            />
            <div
              className="cell"
              onClick={[Function]}
              onContextMenu={[Function]}
            />
            <div
              className="cell"
              onClick={[Function]}
              onContextMenu={[Function]}
            />
            <div
              className="cell"
              onClick={[Function]}
              onContextMenu={[Function]}
            />
            <div
              className="cell"
              onClick={[Function]}
              onContextMenu={[Function]}
            />
            <div
              className="cell"
              onClick={[Function]}
              onContextMenu={[Function]}
            />
            <div
              className="cell"
              onClick={[Function]}
              onContextMenu={[Function]}
            />
            <div
              className="cell"
              onClick={[Function]}
              onContextMenu={[Function]}
            />
            <div
              className="cell"
              onClick={[Function]}
              onContextMenu={[Function]}
            />
          </div>
          <div
            className="row"
          >
            <div
              className="cell"
              onClick={[Function]}
              onContextMenu={[Function]}
            />
            <div
              className="cell"
              onClick={[Function]}
              onContextMenu={[Function]}
            />
            <div
              className="cell"
              onClick={[Function]}
              onContextMenu={[Function]}
            />
            <div
              className="cell"
              onClick={[Function]}
              onContextMenu={[Function]}
            />
            <div
              className="cell"
              onClick={[Function]}
              onContextMenu={[Function]}
            />
            <div
              className="cell"
              onClick={[Function]}
              onContextMenu={[Function]}
            />
            <div
              className="cell"
              onClick={[Function]}
              onContextMenu={[Function]}
            />
            <div
              className="cell"
              onClick={[Function]}
              onContextMenu={[Function]}
            />
            <div
              className="cell"
              onClick={[Function]}
              onContextMenu={[Function]}
            />
          </div>
          <div
            className="row"
          >
            <div
              className="cell"
              onClick={[Function]}
              onContextMenu={[Function]}
            />
            <div
              className="cell"
              onClick={[Function]}
              onContextMenu={[Function]}
            />
            <div
              className="cell"
              onClick={[Function]}
              onContextMenu={[Function]}
            />
            <div
              className="cell"
              onClick={[Function]}
              onContextMenu={[Function]}
            />
            <div
              className="cell"
              onClick={[Function]}
              onContextMenu={[Function]}
            />
            <div
              className="cell"
              onClick={[Function]}
              onContextMenu={[Function]}
            />
            <div
              className="cell"
              onClick={[Function]}
              onContextMenu={[Function]}
            />
            <div
              className="cell"
              onClick={[Function]}
              onContextMenu={[Function]}
            />
            <div
              className="cell"
              onClick={[Function]}
              onContextMenu={[Function]}
            />
          </div>
          <div
            className="row"
          >
            <div
              className="cell"
              onClick={[Function]}
              onContextMenu={[Function]}
            />
            <div
              className="cell"
              onClick={[Function]}
              onContextMenu={[Function]}
            />
            <div
              className="cell"
              onClick={[Function]}
              onContextMenu={[Function]}
            />
            <div
              className="cell"
              onClick={[Function]}
              onContextMenu={[Function]}
            />
            <div
              className="cell"
              onClick={[Function]}
              onContextMenu={[Function]}
            />
            <div
              className="cell"
              onClick={[Function]}
              onContextMenu={[Function]}
            />
            <div
              className="cell"
              onClick={[Function]}
              onContextMenu={[Function]}
            />
            <div
              className="cell"
              onClick={[Function]}
              onContextMenu={[Function]}
            />
            <div
              className="cell"
              onClick={[Function]}
              onContextMenu={[Function]}
            />
          </div>
          <div
            className="row"
          >
            <div
              className="cell"
              onClick={[Function]}
              onContextMenu={[Function]}
            />
            <div
              className="cell"
              onClick={[Function]}
              onContextMenu={[Function]}
            />
            <div
              className="cell"
              onClick={[Function]}
              onContextMenu={[Function]}
            />
            <div
              className="cell"
              onClick={[Function]}
              onContextMenu={[Function]}
            />
            <div
              className="cell"
              onClick={[Function]}
              onContextMenu={[Function]}
            />
            <div
              className="cell"
              onClick={[Function]}
              onContextMenu={[Function]}
            />
            <div
              className="cell"
              onClick={[Function]}
              onContextMenu={[Function]}
            />
            <div
              className="cell"
              onClick={[Function]}
              onContextMenu={[Function]}
            />
            <div
              className="cell"
              onClick={[Function]}
              onContextMenu={[Function]}
            />
          </div>
          <div
            className="row"
          >
            <div
              className="cell"
              onClick={[Function]}
              onContextMenu={[Function]}
            />
            <div
              className="cell"
              onClick={[Function]}
              onContextMenu={[Function]}
            />
            <div
              className="cell"
              onClick={[Function]}
              onContextMenu={[Function]}
            />
            <div
              className="cell"
              onClick={[Function]}
              onContextMenu={[Function]}
            />
            <div
              className="cell"
              onClick={[Function]}
              onContextMenu={[Function]}
            />
            <div
              className="cell"
              onClick={[Function]}
              onContextMenu={[Function]}
            />
            <div
              className="cell"
              onClick={[Function]}
              onContextMenu={[Function]}
            />
            <div
              className="cell"
              onClick={[Function]}
              onContextMenu={[Function]}
            />
            <div
              className="cell"
              onClick={[Function]}
              onContextMenu={[Function]}
            />
          </div>
          <div
            className="row"
          >
            <div
              className="cell"
              onClick={[Function]}
              onContextMenu={[Function]}
            />
            <div
              className="cell"
              onClick={[Function]}
              onContextMenu={[Function]}
            />
            <div
              className="cell"
              onClick={[Function]}
              onContextMenu={[Function]}
            />
            <div
              className="cell"
              onClick={[Function]}
              onContextMenu={[Function]}
            />
            <div
              className="cell"
              onClick={[Function]}
              onContextMenu={[Function]}
            />
            <div
              className="cell"
              onClick={[Function]}
              onContextMenu={[Function]}
            />
            <div
              className="cell"
              onClick={[Function]}
              onContextMenu={[Function]}
            />
            <div
              className="cell"
              onClick={[Function]}
              onContextMenu={[Function]}
            />
            <div
              className="cell"
              onClick={[Function]}
              onContextMenu={[Function]}
            />
          </div>
        </div>
      </div>
    </div>
  </main>
</div>
`;
